server/vite.ts(39,9): error TS1343: The 'import.meta' meta-property is only allowed when the '--module' option is 'es2020', 'es2022', 'esnext', 'system', 'node16', or 'nodenext'.
vite.config.ts(2,19): error TS2307: Cannot find module '@vitejs/plugin-react' or its corresponding type declarations.
  There are types at 'C:/Users/Dell/Downloads/Zero-hour-site/Masterplan-Companion-Site/node_modules/@vitejs/plugin-react/dist/index.d.ts', but this result could not be resolved under your current 'moduleResolution' setting. Consider updating to 'node16', 'nodenext', or 'bundler'.
vite.config.ts(3,25): error TS2307: Cannot find module '@tailwindcss/vite' or its corresponding type declarations.
  There are types at 'C:/Users/Dell/Downloads/Zero-hour-site/Masterplan-Companion-Site/node_modules/@tailwindcss/vite/dist/index.d.mts', but this result could not be resolved under your current 'moduleResolution' setting. Consider updating to 'node16', 'nodenext', or 'bundler'.
vite.config.ts(9,29): error TS2769: No overload matches this call.
  The last overload gave the following error.
    Argument of type '() => Promise<{ plugins: any[]; resolve: { alias: { "@": string; "@shared": string; "@assets": string; }; }; css: { postcss: { plugins: never[]; }; }; root: string; build: { outDir: string; emptyOutDir: boolean; }; server: { host: string; allowedHosts: boolean; fs: { ...; }; }; }>' is not assignable to parameter of type 'UserConfigExport'.
      Type '() => Promise<{ plugins: any[]; resolve: { alias: { "@": string; "@shared": string; "@assets": string; }; }; css: { postcss: { plugins: never[]; }; }; root: string; build: { outDir: string; emptyOutDir: boolean; }; server: { host: string; allowedHosts: boolean; fs: { ...; }; }; }>' is not assignable to type 'UserConfigFnObject'.
        Type 'Promise<{ plugins: any[]; resolve: { alias: { "@": string; "@shared": string; "@assets": string; }; }; css: { postcss: { plugins: never[]; }; }; root: string; build: { outDir: string; emptyOutDir: boolean; }; server: { host: string; allowedHosts: boolean; fs: { ...; }; }; }>' has no properties in common with type 'UserConfig'.
